[kahvebot.com/index.html]
[external.html]
[backblue.gif]
[fade.gif]
[kahvebot.com/public/js/jquery-3.4.1.min.js]
[kahvebot.com/public/js/popper.min.js]
[kahvebot.com/public/js/bootstrap.min.js]
[kahvebot.com/public/js/mdb.min.js]
[use.fontawesome.com/releases/v5.8.2/css/all.css]
[kahvebot.com/public/css/bootstrap.min.css]
[kahvebot.com/public/css/mdb.min.css]
[kahvebot.com/public/css/style.css]
[index.html]
[kahvebot.com/public/img/dEL5Ej4wUeg3xfcsDJDRA3hYG2pe.ico]
[kahvebot.com/blog.html]
[kahvebot.com/faq.html]
[kahvebot.com/commands.html]
[images-ext-1.discordapp.net/external/a_TpRFtAX7r9Xfwf2YQxEQUK_EEtixB8hpcu624wv3A/https/img.kahvebot.com/kahvebot479f.jpg]
[cdn.discordapp.com/attachments/332184060338241550/606502243939647488/ft-screen-img.png]
[cdn.discordapp.com/avatars/403225819222245377/df6bcc47c64b48f767ab82a39073d8dd3778.png]
[kahvebot.com/cdn-cgi/l/email-protection.html]
[cdn.discordapp.com/avatars/197444683675336713/401a45a1e6e727c95a544aaaa763edf03778.png]
[cdn.discordapp.com/avatars/328637764763648011/76cf9c6a51bc5e87fcdef10fa8bfec233778.png]
[cdn.discordapp.com/avatars/294909540049092609/e7e388d034a19487d96ec806cd991db03778.png]
[cdn.discordapp.com/avatars/374183516331704320/4579992d6e6b765a606b1181f3a757603778.png]
[cdn.discordapp.com/avatars/477446911570346000/f77d34671be8439481d057add0052b523778.png]
[cdn.discordapp.com/avatars/398041692856647690/c2ce2066d12303355560fa12e7db48cc3778.png]
[kahvebot.com/cdn-cgi/scripts/5c5dd728/cloudflare-static/email-decode.min.js]
[kahvebot.com/index.html]
[use.fontawesome.com/releases/v5.8.2/css/all.css]
[kahvebot.com/public/css/bootstrap.min.css]
[kahvebot.com/public/font/roboto/Roboto-Thin.eot]
[kahvebot.com/public/font/roboto/Roboto-Thind41d.eot]
[kahvebot.com/public/font/roboto/Roboto-Thin.woff2]
[kahvebot.com/public/font/roboto/Roboto-Thin.woff]
[kahvebot.com/public/font/roboto/Roboto-Thin.ttf]
[kahvebot.com/public/font/roboto/Roboto-Light.eot]
[kahvebot.com/public/font/roboto/Roboto-Lightd41d.eot]
[kahvebot.com/public/font/roboto/Roboto-Light.woff2]
[kahvebot.com/public/font/roboto/Roboto-Light.woff]
[kahvebot.com/public/font/roboto/Roboto-Light.ttf]
[kahvebot.com/public/font/roboto/Roboto-Regular.eot]
[kahvebot.com/public/font/roboto/Roboto-Regulard41d.eot]
[kahvebot.com/public/font/roboto/Roboto-Regular.woff2]
[kahvebot.com/public/font/roboto/Roboto-Regular.woff]
[kahvebot.com/public/font/roboto/Roboto-Regular.ttf]
[kahvebot.com/public/font/roboto/Roboto-Medium.eot]
[kahvebot.com/public/font/roboto/Roboto-Mediumd41d.eot]
[kahvebot.com/public/font/roboto/Roboto-Medium.woff2]
[kahvebot.com/public/font/roboto/Roboto-Medium.woff]
[kahvebot.com/public/font/roboto/Roboto-Medium.ttf]
[kahvebot.com/public/font/roboto/Roboto-Bold.eot]
[kahvebot.com/public/font/roboto/Roboto-Boldd41d.eot]
[kahvebot.com/public/font/roboto/Roboto-Bold.woff2]
[kahvebot.com/public/font/roboto/Roboto-Bold.woff]
[kahvebot.com/public/font/roboto/Roboto-Bold.ttf]
[kahvebot.com/public/img/overlays/01.png]
[kahvebot.com/public/img/overlays/02.png]
[kahvebot.com/public/img/overlays/03.png]
[kahvebot.com/public/img/overlays/04.png]
[kahvebot.com/public/img/overlays/05.png]
[kahvebot.com/public/img/overlays/06.png]
[kahvebot.com/public/img/overlays/07.png]
[kahvebot.com/public/img/overlays/08.png]
[kahvebot.com/public/img/overlays/09.png]
[kahvebot.com/public/img/svg/arrow_left.svg]
[kahvebot.com/public/css/mdb.min.css]
[kahvebot.com/public/css/style.css]
[kahvebot.com/public/img/svg/arrow_right.svg]
[img.kahvebot.com/kahvebot.jpg]
[cdn.discordapp.com/attachments/369041688171118593/606178287873687592/discord-botu-ekleme-afiC59F.png]
[kahvebot.com/discord-bot-ekleme.html]
[kahvebot.com/blog.html]
[kahvebot.com/kahve-bot-projesi-nasil-basladi.html]
[kahvebot.com/faq.html]
[kahvebot.com/commands.html]
[kahvebot.com/cdn-cgi/l/email-protection.html]
[kahvebot.com/public/img/svg/arrow_left.svg]
[kahvebot.com/public/img/svg/arrow_right.svg]
[media.discordapp.net/attachments/369041688171118593/606210360743297024/discord-botu-ekleme-afiC59Fc8b3.png]
[media.discordapp.net/attachments/369041688171118593/606210204857663543/discord-bot-eklemee83f.png]
[media.discordapp.net/attachments/369041688171118593/606210380322308096/discord-bot-ekleme31dfc.png]
[media.discordapp.net/attachments/369041688171118593/606210458978091009/discord-bot-ekleme4d65c.png]
[kahvebot.com/discord-bot-ekleme.html]
[kahvebot.com/kahve-bot-projesi-nasil-basladi.html]
[kahvebot.com/komutlar/index.html]
